Info: (PDM_Load_V4.sh) Stopping any Workflows that were already running.

Informatica(r) PMCMD, version [10.5.2], build [769.0322], LINUX 64-bit
(c) Copyright Informatica LLC 1993,2022.
This software and documentation are provided only under a separate license agreement containing restrictions on use and disclosure.
This software is protected by patents as detailed at https://www.informatica.com/legal/patents.html
A current list of Informatica trademarks is available on the web at https://www.informatica.com/trademarks.html
See the Informatica privacy policy at https://www.informatica.com/privacy-policy.html

Invoked at Thu Aug 11 11:55:18 2022

Connected to Integration Service: [int_serv_dev].
Stopping workflow [wf_pdm_ufr]
Waiting for workflow [wf_pdm_ufr] to complete
ERROR: Cannot stop/abort workflow [id = 12387] [wf_pdm_ufr] (or a task instance under it), because the workflow is currently not running on this Integration Service.
Disconnecting from Integration Service

Completed at Thu Aug 11 11:55:20 2022

Informatica(r) PMCMD, version [10.5.2], build [769.0322], LINUX 64-bit
(c) Copyright Informatica LLC 1993,2022.
This software and documentation are provided only under a separate license agreement containing restrictions on use and disclosure.
This software is protected by patents as detailed at https://www.informatica.com/legal/patents.html
A current list of Informatica trademarks is available on the web at https://www.informatica.com/trademarks.html
See the Informatica privacy policy at https://www.informatica.com/privacy-policy.html

Invoked at Thu Aug 11 11:55:20 2022

Connected to Integration Service: [int_serv_dev].
Stopping workflow [wf_pdm_provr_adr_stg]
Waiting for workflow [wf_pdm_provr_adr_stg] to complete
ERROR: Cannot stop/abort workflow [id = 18871] [wf_pdm_provr_adr_stg] (or a task instance under it), because the workflow is currently not running on this Integration Service.
Disconnecting from Integration Service

Completed at Thu Aug 11 11:55:20 2022

Informatica(r) PMCMD, version [10.5.2], build [769.0322], LINUX 64-bit
(c) Copyright Informatica LLC 1993,2022.
This software and documentation are provided only under a separate license agreement containing restrictions on use and disclosure.
This software is protected by patents as detailed at https://www.informatica.com/legal/patents.html
A current list of Informatica trademarks is available on the web at https://www.informatica.com/trademarks.html
See the Informatica privacy policy at https://www.informatica.com/privacy-policy.html

Invoked at Thu Aug 11 11:55:20 2022

Connected to Integration Service: [int_serv_dev].
Stopping workflow [wf_PD_CIW_VENDOR_BUS_TYPE]
Waiting for workflow [wf_PD_CIW_VENDOR_BUS_TYPE] to complete
ERROR: Cannot stop/abort workflow [id = 12393] [wf_PD_CIW_VENDOR_BUS_TYPE] (or a task instance under it), because the workflow is currently not running on this Integration Service.
Disconnecting from Integration Service

Completed at Thu Aug 11 11:55:20 2022

Informatica(r) PMCMD, version [10.5.2], build [769.0322], LINUX 64-bit
(c) Copyright Informatica LLC 1993,2022.
This software and documentation are provided only under a separate license agreement containing restrictions on use and disclosure.
This software is protected by patents as detailed at https://www.informatica.com/legal/patents.html
A current list of Informatica trademarks is available on the web at https://www.informatica.com/trademarks.html
See the Informatica privacy policy at https://www.informatica.com/privacy-policy.html

Invoked at Thu Aug 11 11:55:21 2022

Connected to Integration Service: [int_serv_dev].
Stopping workflow [wf_M_AP_Central_Expense_Detail]
Waiting for workflow [wf_M_AP_Central_Expense_Detail] to complete
ERROR: Cannot stop/abort workflow [id = 12389] [wf_M_AP_Central_Expense_Detail] (or a task instance under it), because the workflow is currently not running on this Integration Service.
Disconnecting from Integration Service

Completed at Thu Aug 11 11:55:21 2022

Informatica(r) PMCMD, version [10.5.2], build [769.0322], LINUX 64-bit
(c) Copyright Informatica LLC 1993,2022.
This software and documentation are provided only under a separate license agreement containing restrictions on use and disclosure.
This software is protected by patents as detailed at https://www.informatica.com/legal/patents.html
A current list of Informatica trademarks is available on the web at https://www.informatica.com/trademarks.html
See the Informatica privacy policy at https://www.informatica.com/privacy-policy.html

Invoked at Thu Aug 11 11:55:21 2022

Connected to Integration Service: [int_serv_dev].
Stopping workflow [wf_M_AP_DISBURSEMENT_DETAIL]
Waiting for workflow [wf_M_AP_DISBURSEMENT_DETAIL] to complete
ERROR: Cannot stop/abort workflow [id = 13745] [wf_M_AP_DISBURSEMENT_DETAIL] (or a task instance under it), because the workflow is currently not running on this Integration Service.
Disconnecting from Integration Service

Completed at Thu Aug 11 11:55:21 2022

Informatica(r) PMCMD, version [10.5.2], build [769.0322], LINUX 64-bit
(c) Copyright Informatica LLC 1993,2022.
This software and documentation are provided only under a separate license agreement containing restrictions on use and disclosure.
This software is protected by patents as detailed at https://www.informatica.com/legal/patents.html
A current list of Informatica trademarks is available on the web at https://www.informatica.com/trademarks.html
See the Informatica privacy policy at https://www.informatica.com/privacy-policy.html

Invoked at Thu Aug 11 11:55:21 2022

Connected to Integration Service: [int_serv_dev].
Stopping workflow [wf_M_AP_VENDOR_PAYMENTS]
Waiting for workflow [wf_M_AP_VENDOR_PAYMENTS] to complete
ERROR: Cannot stop/abort workflow [id = 13739] [wf_M_AP_VENDOR_PAYMENTS] (or a task instance under it), because the workflow is currently not running on this Integration Service.
Disconnecting from Integration Service

Completed at Thu Aug 11 11:55:22 2022
Info: (PDM_Load_V4.sh) Stop of currently running workflows done at: Thu Aug 11 11:55:22 EDT 2022 
Info: (PDM_Load_V4.sh) Executing Workflow  - wf_pdm_ufr.

Informatica(r) PMCMD, version [10.5.2], build [769.0322], LINUX 64-bit
(c) Copyright Informatica LLC 1993,2022.
This software and documentation are provided only under a separate license agreement containing restrictions on use and disclosure.
This software is protected by patents as detailed at https://www.informatica.com/legal/patents.html
A current list of Informatica trademarks is available on the web at https://www.informatica.com/trademarks.html
See the Informatica privacy policy at https://www.informatica.com/privacy-policy.html

Invoked at Thu Aug 11 11:55:22 2022

Connected to Integration Service: [int_serv_dev].
Starting workflow [wf_pdm_ufr]
Waiting for workflow [wf_pdm_ufr] to complete
INFO: Workflow [wf_pdm_ufr]: Execution succeeded.
Workflow wf_pdm_ufr with run instance name [] and run id [173821] started successfully.
Disconnecting from Integration Service

Completed at Thu Aug 11 12:01:22 2022
Info: (PDM_Load_V4.sh) wf_pdm_ufr Workflow completed at: Thu Aug 11 12:01:22 EDT 2022 
Info: (PDM_Load_V4.sh) Executing Workflow  - wf_pdm_provr_adr_stg.

Informatica(r) PMCMD, version [10.5.2], build [769.0322], LINUX 64-bit
(c) Copyright Informatica LLC 1993,2022.
This software and documentation are provided only under a separate license agreement containing restrictions on use and disclosure.
This software is protected by patents as detailed at https://www.informatica.com/legal/patents.html
A current list of Informatica trademarks is available on the web at https://www.informatica.com/trademarks.html
See the Informatica privacy policy at https://www.informatica.com/privacy-policy.html

Invoked at Thu Aug 11 12:01:22 2022

Connected to Integration Service: [int_serv_dev].
Starting workflow [wf_pdm_provr_adr_stg]
Waiting for workflow [wf_pdm_provr_adr_stg] to complete
INFO: Workflow [wf_pdm_provr_adr_stg]: Execution succeeded.
Workflow wf_pdm_provr_adr_stg with run instance name [] and run id [173824] started successfully.
Disconnecting from Integration Service

Completed at Thu Aug 11 12:01:52 2022
Info: (PDM_Load_V4.sh) wf_pdm_provr_adr_stg Workflow completed at: Thu Aug 11 12:01:52 EDT 2022 
Info: (PDM_Load_V4.sh) Executing Workflow  - wf_PD_CIW_VENDOR_BUS_TYPE.

Informatica(r) PMCMD, version [10.5.2], build [769.0322], LINUX 64-bit
(c) Copyright Informatica LLC 1993,2022.
This software and documentation are provided only under a separate license agreement containing restrictions on use and disclosure.
This software is protected by patents as detailed at https://www.informatica.com/legal/patents.html
A current list of Informatica trademarks is available on the web at https://www.informatica.com/trademarks.html
See the Informatica privacy policy at https://www.informatica.com/privacy-policy.html

Invoked at Thu Aug 11 12:01:52 2022

Connected to Integration Service: [int_serv_dev].
Starting workflow [wf_PD_CIW_VENDOR_BUS_TYPE]
Waiting for workflow [wf_PD_CIW_VENDOR_BUS_TYPE] to complete
INFO: Workflow [wf_PD_CIW_VENDOR_BUS_TYPE]: Execution succeeded.
Workflow wf_PD_CIW_VENDOR_BUS_TYPE with run instance name [] and run id [173825] started successfully.
Disconnecting from Integration Service

Completed at Thu Aug 11 12:03:28 2022
Info: (PDM_Load_V4.sh) wf_PD_CIW_VENDOR_BUS_TYPE Workflow completed at: Thu Aug 11 12:03:28 EDT 2022 
Info: (PDM_Load_V4.sh) Executing Workflow  - wf_M_AP_DISBURSEMENT_DETAIL.

Informatica(r) PMCMD, version [10.5.2], build [769.0322], LINUX 64-bit
(c) Copyright Informatica LLC 1993,2022.
This software and documentation are provided only under a separate license agreement containing restrictions on use and disclosure.
This software is protected by patents as detailed at https://www.informatica.com/legal/patents.html
A current list of Informatica trademarks is available on the web at https://www.informatica.com/trademarks.html
See the Informatica privacy policy at https://www.informatica.com/privacy-policy.html

Invoked at Thu Aug 11 12:03:28 2022

Connected to Integration Service: [int_serv_dev].
Starting workflow [wf_M_AP_DISBURSEMENT_DETAIL]
Waiting for workflow [wf_M_AP_DISBURSEMENT_DETAIL] to complete
INFO: Workflow [wf_M_AP_DISBURSEMENT_DETAIL]: Execution succeeded.
Workflow wf_M_AP_DISBURSEMENT_DETAIL with run instance name [] and run id [173826] started successfully.
Disconnecting from Integration Service

Completed at Thu Aug 11 12:17:47 2022
Info: (PDM_Load_V4.sh) wf_M_AP_DISBURSEMENT_DETAIL Workflow completed at: Thu Aug 11 12:17:47 EDT 2022 
Info: (PDM_Load_V4.sh) Executing Workflow  - wf_M_AP_VENDOR_PAYMENTS.

Informatica(r) PMCMD, version [10.5.2], build [769.0322], LINUX 64-bit
(c) Copyright Informatica LLC 1993,2022.
This software and documentation are provided only under a separate license agreement containing restrictions on use and disclosure.
This software is protected by patents as detailed at https://www.informatica.com/legal/patents.html
A current list of Informatica trademarks is available on the web at https://www.informatica.com/trademarks.html
See the Informatica privacy policy at https://www.informatica.com/privacy-policy.html

Invoked at Thu Aug 11 12:17:47 2022

Connected to Integration Service: [int_serv_dev].
Starting workflow [wf_M_AP_VENDOR_PAYMENTS]
Waiting for workflow [wf_M_AP_VENDOR_PAYMENTS] to complete
INFO: Workflow [wf_M_AP_VENDOR_PAYMENTS]: Execution succeeded.
Workflow wf_M_AP_VENDOR_PAYMENTS with run instance name [] and run id [173827] started successfully.
Disconnecting from Integration Service

Completed at Thu Aug 11 12:24:21 2022
Info: (PDM_Load_V4.sh) wf_M_AP_VENDOR_PAYMENTS Workflow completed at: Thu Aug 11 12:24:21 EDT 2022 
Info: (PDM_Load_V4.sh) Executing Workflow  - wf_M_AP_Central_Expense_Detail.

Informatica(r) PMCMD, version [10.5.2], build [769.0322], LINUX 64-bit
(c) Copyright Informatica LLC 1993,2022.
This software and documentation are provided only under a separate license agreement containing restrictions on use and disclosure.
This software is protected by patents as detailed at https://www.informatica.com/legal/patents.html
A current list of Informatica trademarks is available on the web at https://www.informatica.com/trademarks.html
See the Informatica privacy policy at https://www.informatica.com/privacy-policy.html

Invoked at Thu Aug 11 12:24:21 2022

Connected to Integration Service: [int_serv_dev].
Starting workflow [wf_M_AP_Central_Expense_Detail]
Waiting for workflow [wf_M_AP_Central_Expense_Detail] to complete
INFO: Workflow [wf_M_AP_Central_Expense_Detail]: Execution succeeded.
Workflow wf_M_AP_Central_Expense_Detail with run instance name [] and run id [173828] started successfully.
Disconnecting from Integration Service

Completed at Thu Aug 11 13:05:11 2022
Info: (PDM_Load_V4.sh) wf_M_AP_Central_Expense_Detail Workflow completed at: Thu Aug 11 13:05:11 EDT 2022 
Info: (PDM_Load_V4.sh) Truncating and inserting data into the tables that used to be views
Info: (PDM_Load_V4.sh) starting PDM_PostETL_V2_0.sql at:  Thu Aug 11 13:05:11 EDT 2022
Info: (PDM_Load_V4.sh) done PDM_PostETL_V2_0.sql at:  Thu Aug 11 13:23:03 EDT 2022
Info: (PDM_Load_V4.sh) starting UpdtFincRatios.sql at:  Thu Aug 11 13:23:03 EDT 2022
Info: (PDM_Load_V4.sh) done UpdtFincRatios.sql at:  Thu Aug 11 13:24:25 EDT 2022
PDM Informatica Job completed successfully.
Info: (PDM_Load_V4.sh) PDM Weekly Load -- Completed at: Thu Aug 11 13:24:25 EDT 2022 
Info: (PDM_Load_V4.sh) Check out the log file:   
